errors: []
outputs:
- verified: true
  execute:
    four_program.aleo/a:
      outputs:
      - '{"type":"future","id":"6974972465287288859193039603112863165703788123799484516917687492504306829310field","value":"{\n  program_id: four_program.aleo,\n  function_name: a,\n  arguments: [\n    {\n      program_id: two_program.aleo,\n      function_name: b,\n      arguments: [\n        {\n          program_id: zero_program.aleo,\n          function_name: c,\n          arguments: [\n            aleo1kw4knandael9qcpxs6g36rr6h7dwvjz6q25ueah6zz9v57zjlvxsx5llq8\n          ]\n        },\n        {\n          program_id: one_program.aleo,\n          function_name: d,\n          arguments: [\n            aleo1kw4knandael9qcpxs6g36rr6h7dwvjz6q25ueah6zz9v57zjlvxsx5llq8\n          ]\n        },\n        aleo1kw4knandael9qcpxs6g36rr6h7dwvjz6q25ueah6zz9v57zjlvxsx5llq8\n      ]\n    },\n    {\n      program_id: three_program.aleo,\n      function_name: e,\n      arguments: [\n        {\n          program_id: two_program.aleo,\n          function_name: b,\n          arguments: [\n            {\n              program_id: zero_program.aleo,\n              function_name: c,\n              arguments: [\n                aleo1kw4knandael9qcpxs6g36rr6h7dwvjz6q25ueah6zz9v57zjlvxsx5llq8\n              ]\n            },\n            {\n              program_id: one_program.aleo,\n              function_name: d,\n              arguments: [\n                aleo1kw4knandael9qcpxs6g36rr6h7dwvjz6q25ueah6zz9v57zjlvxsx5llq8\n              ]\n            },\n            aleo1kw4knandael9qcpxs6g36rr6h7dwvjz6q25ueah6zz9v57zjlvxsx5llq8\n          ]\n        },\n        {\n          program_id: one_program.aleo,\n          function_name: d,\n          arguments: [\n            aleo1kw4knandael9qcpxs6g36rr6h7dwvjz6q25ueah6zz9v57zjlvxsx5llq8\n          ]\n        },\n        {\n          program_id: zero_program.aleo,\n          function_name: c,\n          arguments: [\n            aleo1kw4knandael9qcpxs6g36rr6h7dwvjz6q25ueah6zz9v57zjlvxsx5llq8\n          ]\n        },\n        aleo1kw4knandael9qcpxs6g36rr6h7dwvjz6q25ueah6zz9v57zjlvxsx5llq8\n      ]\n    },\n    aleo1kw4knandael9qcpxs6g36rr6h7dwvjz6q25ueah6zz9v57zjlvxsx5llq8\n  ]\n}"}'
  speculate: the execution was accepted
  add_next_block: succeeded.
additional:
- child_outputs:
    zero_program.aleo/c:
      outputs:
      - '{"type":"future","id":"6952696836717992189844193836164206763601783392883300349164619423689411832957field","value":"{\n  program_id: zero_program.aleo,\n  function_name: c,\n  arguments: [\n    aleo1kw4knandael9qcpxs6g36rr6h7dwvjz6q25ueah6zz9v57zjlvxsx5llq8\n  ]\n}"}'
    one_program.aleo/d:
      outputs:
      - '{"type":"future","id":"3375358791246667464469024643039205630228640255715459354259647324302115771724field","value":"{\n  program_id: one_program.aleo,\n  function_name: d,\n  arguments: [\n    aleo1kw4knandael9qcpxs6g36rr6h7dwvjz6q25ueah6zz9v57zjlvxsx5llq8\n  ]\n}"}'
    two_program.aleo/b:
      outputs:
      - '{"type":"future","id":"364582187421035500339943835636532028870700065252111564274460853535036892560field","value":"{\n  program_id: two_program.aleo,\n  function_name: b,\n  arguments: [\n    {\n      program_id: zero_program.aleo,\n      function_name: c,\n      arguments: [\n        aleo1kw4knandael9qcpxs6g36rr6h7dwvjz6q25ueah6zz9v57zjlvxsx5llq8\n      ]\n    },\n    {\n      program_id: one_program.aleo,\n      function_name: d,\n      arguments: [\n        aleo1kw4knandael9qcpxs6g36rr6h7dwvjz6q25ueah6zz9v57zjlvxsx5llq8\n      ]\n    },\n    aleo1kw4knandael9qcpxs6g36rr6h7dwvjz6q25ueah6zz9v57zjlvxsx5llq8\n  ]\n}"}'
    three_program.aleo/e:
      outputs:
      - '{"type":"future","id":"5353639949292491626228591653810953466693160316414035702266036019526362677427field","value":"{\n  program_id: three_program.aleo,\n  function_name: e,\n  arguments: [\n    {\n      program_id: two_program.aleo,\n      function_name: b,\n      arguments: [\n        {\n          program_id: zero_program.aleo,\n          function_name: c,\n          arguments: [\n            aleo1kw4knandael9qcpxs6g36rr6h7dwvjz6q25ueah6zz9v57zjlvxsx5llq8\n          ]\n        },\n        {\n          program_id: one_program.aleo,\n          function_name: d,\n          arguments: [\n            aleo1kw4knandael9qcpxs6g36rr6h7dwvjz6q25ueah6zz9v57zjlvxsx5llq8\n          ]\n        },\n        aleo1kw4knandael9qcpxs6g36rr6h7dwvjz6q25ueah6zz9v57zjlvxsx5llq8\n      ]\n    },\n    {\n      program_id: one_program.aleo,\n      function_name: d,\n      arguments: [\n        aleo1kw4knandael9qcpxs6g36rr6h7dwvjz6q25ueah6zz9v57zjlvxsx5llq8\n      ]\n    },\n    {\n      program_id: zero_program.aleo,\n      function_name: c,\n      arguments: [\n        aleo1kw4knandael9qcpxs6g36rr6h7dwvjz6q25ueah6zz9v57zjlvxsx5llq8\n      ]\n    },\n    aleo1kw4knandael9qcpxs6g36rr6h7dwvjz6q25ueah6zz9v57zjlvxsx5llq8\n  ]\n}"}'
    credits.aleo/fee_private:
      outputs:
      - '{"type":"record","id":"5283229445241909733017633528975572727346436141849413233403355092851851760389field","checksum":"799210811176292053431285281723859450131511292642705172333396010564735450437field","value":"record1qyqsqkme4g74y49w7v70p63ywtq5nate5r75dk8m05ss5zmer5zeqrggqyxx66trwfhkxun9v35hguerqqpqzqx2jzxmtf2rksjtwnl4xz5uu33vh0hdl5gys60lw5tdywm6w864qpzvzv6t35yczkzxqpeh7ckc5wtmt5sxynlcz9fy5ellqapnz8squlrzfgw"}'
