errors: []
outputs:
- verified: true
  execute:
    mint_and_split.aleo/mint:
      outputs:
      - '{"type":"record","id":"7636508513753843688255477046613755926717864376364314808857555307422986366583field","checksum":"2724303349197854838397688958932042996013299317300510410551052639216931686578field","value":"record1qyqspznunw4usdtcqwznvpm3f73dlfxcmg07emews5rxsvfp8jelaqs3qyxx66trwfhkxun9v35hguerqqpqzqqjmj4kl3w0fh0dhqy67c47xgw7ftfdkhplztykwwr7mgnn8cm3q50aufvdjh84e3325vgsq98uzgdxyscfrymgz6j5p6txj0u06ngskkug8kd"}'
  speculate: the execution was accepted
  add_next_block: succeeded.
- execute: Commitment '1266307482263846358970326041806201638141701138269282465033372005968041137990field' does not exist
- execute: Input record for 'mint_and_split.aleo' must belong to the signer
additional:
- child_outputs:
    credits.aleo/fee_private:
      outputs:
      - '{"type":"record","id":"6034384869866160676195114971378149013303703779101829835678240523345757814679field","checksum":"685010203971891455492083289280654319079811728620135209391715861377156619685field","value":"record1qyqspmum93lsptda6cxy2934329jud5j5d2w974qj980uzacuurkteq0qyxx66trwfhkxun9v35hguerqqpqzq95n3clh78n7alksrkrcwvf0kc5qeej4mmudqf57t7mqt08jd97p4nq3txxlzvtf3hsf093raynhzylqxz8vscq22pc2qaryw7r3qms7wmxm6s"}'
- {}
- {}
