errors: []
outputs:
- execute: 'Failed to evaluate instruction (assert.neq self.caller self.signer ;): ''assert.neq'' failed: ''aleo1qr2ha4pfs5l28aze88yn6fhleeythklkczrule2v838uwj65n5gqxt9djx'' is equal to ''aleo1qr2ha4pfs5l28aze88yn6fhleeythklkczrule2v838uwj65n5gqxt9djx'' (should not be equal)'
- verified: true
  execute:
    parent.aleo/foo:
      outputs:
      - '{"type":"public","id":"232678181145630788399983360361981778077854318297598920122679715355556018707field","value":"aleo16w8t56s7v6ud7vu33fr388ph0dq0c7yhp597cyjt88rr3nultcyqcyk9yy"}'
      - '{"type":"public","id":"307885753616111794499278513815755325774421253222438014088047291626146246158field","value":"aleo1qr2ha4pfs5l28aze88yn6fhleeythklkczrule2v838uwj65n5gqxt9djx"}'
      - '{"type":"public","id":"1260075966251215032940540134753397347255605556303289668063307322367655594483field","value":"aleo1qr2ha4pfs5l28aze88yn6fhleeythklkczrule2v838uwj65n5gqxt9djx"}'
      - '{"type":"public","id":"6132019643538827223159216821616255691562939708927702036224235366852272625285field","value":"aleo1qr2ha4pfs5l28aze88yn6fhleeythklkczrule2v838uwj65n5gqxt9djx"}'
  speculate: the execution was accepted
  add_next_block: succeeded.
additional:
- {}
- child_outputs:
    child.aleo/foo:
      outputs:
      - '{"type":"public","id":"5601132905719769837487481041811167147031721408864816226961174115045250639394field","value":"aleo16w8t56s7v6ud7vu33fr388ph0dq0c7yhp597cyjt88rr3nultcyqcyk9yy"}'
      - '{"type":"public","id":"4866955403610457225216600968672882719581841491915839063024906456611968828355field","value":"aleo1qr2ha4pfs5l28aze88yn6fhleeythklkczrule2v838uwj65n5gqxt9djx"}'
    credits.aleo/fee_private:
      outputs:
      - '{"type":"record","id":"3405674025766329369434309421947987188809020226610822755338621799001328840366field","checksum":"2290293865028149494249499535633241867489656506924610383724277827943521435010field","value":"record1qyqsq8u5n9rn77xzqqemfr60lr5gd0kl3kmcr8y4kvf34rtxkn5jzhsyqyxx66trwfhkxun9v35hguerqqpqzqyhetu9jy8vsyeaqsq5thyrj7nldd626s0fgatwpffv5j3hecq6p7pkx5xqz4xfcrlu8u2tz8hew0wuagx3cc0wgzlq7uhr2lrc35nqy7dgy47"}'
