- execute:
    test_rand.aleo/rand_chacha_with_literals:
      outputs: []
      finalize:
      - 0scalar
      - 0group
      - 0u8
      - 2i16
      - 4u32
      - 7i64
      - 8u128
      - 10field
    credits.aleo/fee_private:
      outputs:
      - '{"type":"record","id":"5614750638973565193441469515228713726748960794537604905077233003358118762543field","checksum":"4523550740627614592894526591573763836417808016131138535945999579112411112497field","value":"record1qyqspqgrj0f99jd9hc24k4tlye4e50ggza7vezwng4jg5upfrfrm79q9qyxx66trwfhkxun9v35hguerqqpqzq9zq3mcequ27fhc0lp3py9f5xhkysmaqwj2dgesz9352ccnnglkprqa5c8wld49ey9l9wjkv0uuuwtzuzlamswyj9udt8y86c07kdzsj95mft3"}'
      finalize: []
  speculate: the execution was accepted
  add_next_block: succeeded.
- execute:
    test_rand.aleo/rand_chacha_with_struct:
      outputs: []
      finalize:
      - |-
        {
          first: 0field,
          second: 0field,
          third: 0field,
          fourth: 0field,
          fifth: 0field
        }
    credits.aleo/fee_private:
      outputs:
      - '{"type":"record","id":"4298623534642079413885054141087186450738164385535851298200835905134222458860field","checksum":"7193360662221612301961158754598753828829882050256402781998658078366241498654field","value":"record1qyqsqve6es35jjn7njhp60aeqrn2vy044pk4yrjpantynxrngmhxckc9qyxx66trwfhkxun9v35hguerqqpqzqxfrsxspy6a78e2h8ey6xwaqpfj7ugq85ysh4ym5h7lshlkmkfxqtr7p928u97ctwzrvatugnflesmz0ype7uqstkgz48l3t4vkd3ks6dgkpw8"}'
      finalize: []
  speculate: the execution was accepted
  add_next_block: succeeded.
- execute:
    test_rand.aleo/rand_chacha_check:
      outputs: []
      finalize:
      - 0field
      - 'true'
    credits.aleo/fee_private:
      outputs:
      - '{"type":"record","id":"5104161477859429074928700484398344121188237941390622218138001142121405536747field","checksum":"5401060537431327595740976983644033584356445014708376489412140132539165606922field","value":"record1qyqsqm608z05c93fzttldfjvqx4atpssxjf3cdxxk7vp05j20nxs5fqtqyxx66trwfhkxun9v35hguerqqpqzqzp59vm9txnm4w9rlxavsz97wpq5h7hqwluwqgl4csup47t3g4sp229u7eyzh83z09ukunr0hp6xndrdc5e53xcpdzrxfhaalqfqg3sqgu3csk"}'
      finalize: []
  speculate: the execution was rejected
  add_next_block: succeeded.
- execute:
    test_rand.aleo/rand_chacha_check:
      outputs: []
      finalize:
      - 1field
      - 'false'
    credits.aleo/fee_private:
      outputs:
      - '{"type":"record","id":"1832044792884028111229739482478401842725766903473248998519826796848394571469field","checksum":"6614700812131631988781051603435150808980869683736224629852581281570619306123field","value":"record1qyqsq7hwqhhqzt4fxak4gzpug973s7aaalqelkdu8zhpc9n6cccvtqs8qyxx66trwfhkxun9v35hguerqqpqzqpsg3agzsxu86g05w5h7dnyw89m6rfqky8pk7g9w2fz5vhtpca0q35phy06vml4nfxr5zf4007mhcnuxn3mlcllnjuts5yftmx9jh0sst59430"}'
      finalize: []
  speculate: the execution was accepted
  add_next_block: succeeded.
