errors: []
outputs:
- verified: true
  execute:
    test_branch.aleo/run_test:
      outputs:
      - '{"type":"future","id":"4807227403819588684031853679423924290019569164203178974904495218971849247520field","value":"{\n  program_id: test_branch.aleo,\n  function_name: run_test,\n  arguments: [\n    1u8,\n    1u8\n  ]\n}"}'
  speculate: the execution was rejected
  add_next_block: succeeded.
- verified: true
  execute:
    test_branch.aleo/run_test:
      outputs:
      - '{"type":"future","id":"6578563227874053328775488720373016284038873634029366303301076699226711812107field","value":"{\n  program_id: test_branch.aleo,\n  function_name: run_test,\n  arguments: [\n    0u8,\n    1u8\n  ]\n}"}'
  speculate: the execution was rejected
  add_next_block: succeeded.
- verified: true
  execute:
    test_branch.aleo/run_test:
      outputs:
      - '{"type":"future","id":"7508008554951635493629769098645178330945961002302110561994738513868095644109field","value":"{\n  program_id: test_branch.aleo,\n  function_name: run_test,\n  arguments: [\n    0u8,\n    0u8\n  ]\n}"}'
  speculate: the execution was accepted
  add_next_block: succeeded.
additional:
- child_outputs:
    credits.aleo/fee_private:
      outputs:
      - '{"type":"record","id":"1798938114974546684903209797369438296308320213665197846673649863916852114678field","checksum":"934572607592461135140890365283940117058051001959725525910576582297797621269field","value":"record1qyqspa9fxepth5l9c2u7gj6quuvfpq8wqc9q73p4xqcrmj2nurd7cfq3qyxx66trwfhkxun9v35hguerqqpqzqx9w072uwlffgvu0he36lya458pluymlds8kpv3shjc4asc3wy2zp3rk0fv9mhq6ja45tux30ps2x433ekqdsx967z8ysqp9fk37epqvu520r9"}'
- child_outputs:
    credits.aleo/fee_private:
      outputs:
      - '{"type":"record","id":"1039543979177875951661037350337722240996003141461618829150227721443832233782field","checksum":"4293043628731843171082705656149326581514713699817730020543476948781408422008field","value":"record1qyqsqaarvryvc8vfqer4jcngz5k9wd6m4dfvwsr4tc43v8ynmc5ny2q0qyxx66trwfhkxun9v35hguerqqpqzqx2mm3lh6vu0f9pmpne0qz5rkr7g26s3et0trj673gff8klmlpqq0r5sjjjncqlvgazec63a0enrf5dfr3n7jczarf0eshvu6d0hx3sztrtu4z"}'
- child_outputs:
    credits.aleo/fee_private:
      outputs:
      - '{"type":"record","id":"145788756097299829231591915301155878379901156732628535292899269362119878286field","checksum":"2449429819506214589213294593178366793060498781467568604016514039430651546570field","value":"record1qyqspttnaxurc3z4pdve7697588gxr5lvrj04m93shwzhr4znh49k9gwqyxx66trwfhkxun9v35hguerqqpqzqrc35k4y2kzu7kvhksvv2yu4t5m680w5u6ykv8cnrprtvfrda27qqt3y37y87fw5crd0efl8elqad36xdqekqr3w020krmj00enuy5pzqylmsv"}'
